// Jest Snapshot v1, https://goo.gl/fbAQLP

exports[`tests Table should display the table 1`] = `
<div>
  <p>
    Cargando...
  </p>
</div>
`;
