// Jest Snapshot v1, https://goo.gl/fbAQLP

exports[`tests App should match with snapshot 1`] = `
<div>
  <div
    class="container"
  >
    <h1>
      Test
    </h1>
    <hr />
    <p>
      Cargando...
    </p>
  </div>
</div>
`;
